// Jest Snapshot v1, https://goo.gl/fbAQLP

exports[`matches the changer contract with final snapshot 1`] = `
<div
  className="book-shelf-changer"
>
  <select
    defaultValue="read"
    onChange={[Function]}
  >
    <option
      disabled={true}
      value="move"
    >
      Move to...
    </option>
    <option
      value="currentlyReading"
    >
      Currently Reading
    </option>
    <option
      value="wantToRead"
    >
      Want to Read
    </option>
    <option
      value="read"
    >
      Read
    </option>
    <option
      value="none"
    >
      None
    </option>
  </select>
</div>
`;
